<html>
<body>
<pre>
<h1>µVision Build Log</h1>
<h2>Project:</h2>
D:\Workspace\STM32\Desko\SW\MDK-ARM\Desko.uvproj
Project File Date:  04/12/2018

<h2>Output:</h2>
Rebuild target 'Desko'
assembling startup_stm32f103xb.s...
compiling stm32f1xx_it.c...
compiling stm32f1xx_hal_msp.c...
compiling main.c...
compiling WordClock.c...
..\Src\WordClock.c(42): warning:  #177-D: variable "packet" was declared but never referenced
        uint16_t packet[NUM_MAX7219] = {(row - 6) << 8 | (data & 0x0400)>>6 |
..\Src\WordClock.c(77): warning:  #177-D: variable "is_past_half" was declared but never referenced
        bool is_past_half = (minute>30)?true:false;
..\Src\WordClock.c: 2 warnings, 0 errors
compiling system_stm32f1xx.c...
compiling stm32f1xx_hal_tim_ex.c...
compiling stm32f1xx_hal.c...
compiling stm32f1xx_hal_pwr.c...
compiling stm32f1xx_hal_rcc_ex.c...
compiling stm32f1xx_hal_flash_ex.c...
compiling stm32f1xx_hal_spi.c...
compiling stm32f1xx_hal_tim.c...
compiling stm32f1xx_hal_rtc.c...
compiling stm32f1xx_hal_rtc_ex.c...
compiling stm32f1xx_hal_flash.c...
compiling stm32f1xx_hal_gpio.c...
compiling stm32f1xx_hal_gpio_ex.c...
compiling stm32f1xx_hal_dma.c...
compiling stm32f1xx_hal_rcc.c...
compiling stm32f1xx_hal_spi_ex.c...
compiling stm32f1xx_hal_cortex.c...
linking...
Program Size: Code=6502 RO-data=294 RW-data=12 ZI-data=1132  
"Desko\Desko.axf" - 0 Error(s), 2 Warning(s).
