<html>
<body>
<pre>
<h1>µVision Build Log</h1>
<h2>Project:</h2>
D:\Workspace\STM32\Desko\SW\MDK-ARM\Desko.uvproj
Project File Date:  04/12/2018

<h2>Output:</h2>
Build target 'Desko'
linking...
Program Size: Code=6872 RO-data=300 RW-data=16 ZI-data=1136  
"Desko\Desko.axf" - 0 Error(s), 0 Warning(s).
Load "Desko\\Desko.axf" 
Erase Done.
Programming Done.
Verify OK.
Application running ...
Load "Desko\\Desko.axf" 
Erase Done.
Programming Done.
Verify OK.
Application running ...
Load "Desko\\Desko.axf" 
Erase Done.
Programming Done.
Verify OK.
Application running ...
Load "Desko\\Desko.axf" 
Erase Done.
Programming Done.
Verify OK.
Application running ...
Load "Desko\\Desko.axf" 
Erase Done.
Programming Done.
Verify OK.
Application running ...
Load "Desko\\Desko.axf" 
Erase Done.
Programming Done.
Verify OK.
Application running ...
</pre>
</body>
</html>
